ARM Linker, 5.03 [Build 76] [MDK-ARM Lite]

==============================================================================

Section Cross References



==============================================================================

Removing Unused input sections from the image.

    Removing lab_24.02.o(veriler), (20 bytes).

1 unused section(s) (total 20 bytes) removed from the image.

==============================================================================

Image Symbol Table

    Local Symbols

    Symbol Name                              Value     Ov Type        Size  Object(Section)

    RESET                                    0x00000000   Section        0  lab_24.02.o(RESET)
    ornek                                    0x00000000   Section      212  odev1son.o(ornek)
    lab_09.03.s                              0x00000000   Number         0  lab_09.03.o ABSOLUTE
    lab_24.02.s                              0x00000000   Number         0  lab_24.02.o ABSOLUTE
    odev1.s                                  0x00000000   Number         0  odev1.o ABSOLUTE
    odev1son.s                               0x00000000   Number         0  odev1son.o ABSOLUTE
    test.s                                   0x00000000   Number         0  test.o ABSOLUTE
    inputDizisi                              0x0000008c   Data          32  odev1son.o(ornek)
    counterDizisi                            0x000000ac   Data          32  odev1son.o(ornek)

    Global Symbols

    Symbol Name                              Value     Ov Type        Size  Object(Section)

    BuildAttributes$$THM_ISAv1$ARM_ISAv4$S$PE$A:L22$X:L11$S22$IEEE1$IW$USESV6$~STKCKD$USESV7$~SHL$OSPACE$EBA8$STANDARDLIB$PRES8$EABIv2 0x00000000   Number         0  anon$$obj.o ABSOLUTE



==============================================================================

Memory Map of the image

  Image Entry point : 0x00000000

  Load Region LR_1 (Base: 0x00000000, Size: 0x000000d4, Max: 0xffffffff, ABSOLUTE)

    Execution Region ER_RO (Base: 0x00000000, Size: 0x000000d4, Max: 0xffffffff, ABSOLUTE)

    Base Addr    Size         Type   Attr      Idx    E Section Name        Object

    0x00000000   0x00000000   Code   RO            2  * RESET               lab_24.02.o
    0x00000000   0x000000d4   Code   RO            3  * ornek               odev1son.o


    Execution Region ER_RW (Base: 0x000000b0, Size: 0x00000000, Max: 0xffffffff, ABSOLUTE)

    **** No section assigned to this execution region ****


    Execution Region ER_ZI (Base: 0x000000b0, Size: 0x00000000, Max: 0xffffffff, ABSOLUTE)

    **** No section assigned to this execution region ****


==============================================================================

Image component sizes


      Code (inc. data)   RO Data    RW Data    ZI Data      Debug   Object Name

         0          0          0          0          0          0   lab_24.02.o
       212         72          0          0          0        252   odev1son.o

    ----------------------------------------------------------------------
       212         72          0          0          0        252   Object Totals
         0          0          0          0          0          0   (incl. Generated)
         0          0          0          0          0          0   (incl. Padding)

    ----------------------------------------------------------------------
         0          0          0          0          0          0   Library Totals
         0          0          0          0          0          0   (incl. Padding)

    ----------------------------------------------------------------------

==============================================================================


      Code (inc. data)   RO Data    RW Data    ZI Data      Debug   

       212         72          0          0          0        252   Grand Totals
       212         72          0          0          0        252   ELF Image Totals
       212         72          0          0          0          0   ROM Totals

==============================================================================

    Total RO  Size (Code + RO Data)                  212 (   0.21kB)
    Total RW  Size (RW Data + ZI Data)                 0 (   0.00kB)
    Total ROM Size (Code + RO Data + RW Data)        212 (   0.21kB)

==============================================================================

