ARM Linker, 5.03 [Build 76] [MDK-ARM Lite]

==============================================================================

Section Cross References



==============================================================================

Removing Unused input sections from the image.

    Removing lab_24.02.o(veriler), (20 bytes).

1 unused section(s) (total 20 bytes) removed from the image.

==============================================================================

Image Symbol Table

    Local Symbols

    Symbol Name                              Value     Ov Type        Size  Object(Section)

    RESET                                    0x00000000   Section        0  lab_24.02.o(RESET)
    ornek                                    0x00000000   Section      116  odev1.o(ornek)
    lab_09.03.s                              0x00000000   Number         0  lab_09.03.o ABSOLUTE
    lab_24.02.s                              0x00000000   Number         0  lab_24.02.o ABSOLUTE
    odev1.s                                  0x00000000   Number         0  odev1.o ABSOLUTE
    test.s                                   0x00000000   Number         0  test.o ABSOLUTE
    dizi                                     0x0000005c   Data          20  odev1.o(ornek)

    Global Symbols

    Symbol Name                              Value     Ov Type        Size  Object(Section)

    BuildAttributes$$THM_ISAv1$ARM_ISAv4$S$PE$A:L22$X:L11$S22$IEEE1$IW$USESV6$~STKCKD$USESV7$~SHL$OSPACE$EBA8$STANDARDLIB$PRES8$EABIv2 0x00000000   Number         0  anon$$obj.o ABSOLUTE



==============================================================================

Memory Map of the image

  Image Entry point : 0x00000000

  Load Region LR_1 (Base: 0x00000000, Size: 0x00000074, Max: 0xffffffff, ABSOLUTE)

    Execution Region ER_RO (Base: 0x00000000, Size: 0x00000074, Max: 0xffffffff, ABSOLUTE)

    Base Addr    Size         Type   Attr      Idx    E Section Name        Object

    0x00000000   0x00000000   Code   RO            2  * RESET               lab_24.02.o
    0x00000000   0x00000074   Code   RO            3  * ornek               odev1.o


    Execution Region ER_RW (Base: 0x00001000, Size: 0x00000000, Max: 0xffffffff, ABSOLUTE)

    **** No section assigned to this execution region ****


    Execution Region ER_ZI (Base: 0x00001000, Size: 0x00000000, Max: 0xffffffff, ABSOLUTE)

    **** No section assigned to this execution region ****


==============================================================================

Image component sizes


      Code (inc. data)   RO Data    RW Data    ZI Data      Debug   Object Name

         0          0          0          0          0          0   lab_24.02.o
       116         24          0          0          0        232   odev1.o

    ----------------------------------------------------------------------
       116         24          0          0          0        232   Object Totals
         0          0          0          0          0          0   (incl. Generated)
         0          0          0          0          0          0   (incl. Padding)

    ----------------------------------------------------------------------
         0          0          0          0          0          0   Library Totals
         0          0          0          0          0          0   (incl. Padding)

    ----------------------------------------------------------------------

==============================================================================


      Code (inc. data)   RO Data    RW Data    ZI Data      Debug   

       116         24          0          0          0        232   Grand Totals
       116         24          0          0          0        232   ELF Image Totals
       116         24          0          0          0          0   ROM Totals

==============================================================================

    Total RO  Size (Code + RO Data)                  116 (   0.11kB)
    Total RW  Size (RW Data + ZI Data)                 0 (   0.00kB)
    Total ROM Size (Code + RO Data + RW Data)        116 (   0.11kB)

==============================================================================

