<html>
<body>
<pre>
<h1>µVision Build Log</h1>
<h2>Project:</h2>
D:\Okul\3. sinif 2. donem\Computer Organization\Code\lab\24.02.2020.uvproj
Project File Date:  04/05/2020

<h2>Output:</h2>
Rebuild target 'Target 1'
assembling test.s...
test.s(91): warning: A1313W: Missing END directive at end of file
assembling lab_24.02.s...
assembling lab_09.03.s...
lab_09.03.s(17): warning: A1313W: Missing END directive at end of file
assembling odev1.s...
odev1.s(51): warning: A1313W: Missing END directive at end of file
assembling odev1son.s...
odev1son.s(59): warning: A1495W: Target of branch is a data address
linking...
Program Size: Code=212 RO-data=0 RW-data=0 ZI-data=0  
".\24.02.2020" - 0 Error(s), 4 Warning(s).
