


ARM Macro Assembler    Page 1 


    1 00000000         ;asagidaki kod java'dan assembly'ye cevirildi.
    2 00000000         ;Bir dizi siralamak orneigidir.
    3 00000000         ;int[] a = {3, 0, 6, 2, 1};
    4 00000000         ;int temp;
    5 00000000         ;for (int i = 0; i < 5; i++) {
    6 00000000         ;for (int j = i + 1; j < 5; j++) {
    7 00000000         ;if (a[i] > a[j]) {
    8 00000000         ;temp = a[i];
    9 00000000         ;a[i] = a[j];
   10 00000000         ;a[j] = temp;
   11 00000000         ;}
   12 00000000         ;}
   13 00000000         ;}
   14 00000000         
   15 00000000         ;AREA ornek, CODE, READONLY
   16 00000000         ;ENTRY
   17 00000000         ;LDR r6, =dizi ; dizinin address (dizinin baslangici)
   18 00000000         ;LDR r7, =4 ; dizinin boyutu yani hem dis hem de ic loop
                       larin ust siniri
   19 00000000         ;LDR r8, =0 ; diziye gezmek icin (i=0) (dorder atlayacak
                       )
   20 00000000         ;LDR r9, =0 ;  distaki loop in limiti kontrol etmek icin
                       , distaki loop in offset degeri (i++)
   21 00000000         ;disLoopDon
   22 00000000         ;CMP r9, r7 ; distaki loop, dizinin sinirina geldi mi
   23 00000000         ;BGT disLoopSon ; distaki loop, dizinin sinirina geldiys
                       e bitir programi
   24 00000000         ;LDR r3, [r6, r8] ; distaki loop, dizinin ust sinirina g
                       elmediyse (r3 = a[i]) yap
   25 00000000         ;; ------- icteki loop baslangici--------
   26 00000000         ;ADD r10, r8, #4 ; icteki loop in limiti kontrol etmek i
                       cin (j=i+1) yani icteki loop alt siniri
   27 00000000         ;MOV r11, r9 ; diziye gezmek icin, icteki loop in offset
                        degeri (j++)
   28 00000000         ;icLoopDon
   29 00000000         ;CMP r11, r7 ; icteki loop, dizinin sinirina geldi mi
   30 00000000         ;BGE icLoopSon ; icteki loop, dizinin sinirina geldiyse 
                       bitir programi
   31 00000000         ;LDR r4, [r6, r10] ; icteki loop, dizinin ust sinirina g
                       elmediyse (r4 = a[j]) yap
   32 00000000         ;;-------- karsilastirma ---------------
   33 00000000         ;CMP r3, r4 ; r3 ile r4 karsilastir
   34 00000000         ;BLE karsilastirmayiAtla ; kucuk veya esitse karsilastir
                       mayi atla
   35 00000000         ;MOV r2, r3 ; temp = a[i] ; buyukse temp'e yani r2'ye a[
                       i] at
   36 00000000         ;STR r4, [r3] ; a[i] = a[j]
   37 00000000         ;STR r2, [r4] ; a[j] = temp
   38 00000000         ;;--------karsilastirma bitti ----------
   39 00000000         ;karsilastirmayiAtla
   40 00000000         ;ADD r10, r10, #4 ; icteki loop, dizinin ust sinirina ge
                       lmediyse, offset i dort byte kadar artir
   41 00000000         ;ADD r11, #1 ; icteki loop, dizinin ust sinirina gelmedi
                       yse, alt siniri bir artir
   42 00000000         ;B icLoopDon
   43 00000000         ;icLoopSon
   44 00000000         ;;-------- icteki loop sonu--------
   45 00000000         ;ADD r8, r8, #4 ; distaki loop, dizinin ust sinirina gel
                       mediyse, offset i dort byte kadar artir



ARM Macro Assembler    Page 2 


   46 00000000         ;ADD r9, #1 ; distaki loop, dizinin ust sinirina gelmedi
                       yse, alt siniri bir artir
   47 00000000         ;B disLoopDon
   48 00000000         ;disLoopSon
   49 00000000         ;dizi DCD 3, 0, 6, 2, 1
   50 00000000         ;END
                       
Command Line: --debug --xref --bi --apcs=interwork --depend=.\odev1.d -o.\odev1
.o -IC:\Keil\ARM\RV31\INC -IC:\Keil\ARM\CMSIS\Include --predefine="__EVAL SETA 
1" --list=.\odev1.lst odev1.s
331 symbols in table
